[2025-09-16 13:31:46,210] INFO django.server "POST /auth/save_timesheet_entries/ HTTP/1.1" 200 138
[2025-09-16 13:31:57,392] INFO django.server "GET /auth/timesheet/?consultant_id=13&year=2025&month=09 HTTP/1.1" 200 20809
[2025-09-16 13:31:57,481] INFO django.server "GET /static/custom_admin/css/branding.css HTTP/1.1" 200 99
[2025-09-16 13:31:57,481] INFO django.server "GET /media/logo/logo.png HTTP/1.1" 200 12256
[2025-09-16 13:31:57,586] INFO django.server "GET /static/custom_admin/js/branding.js HTTP/1.1" 200 104
[2025-09-16 13:31:57,590] INFO django.server "GET /static/custom_admin/js/timesheet.js HTTP/1.1" 200 7231
[2025-09-16 13:32:06,089] INFO django.server "GET /consultant/consultant_timesheet/?year=2025&month=09&mode=upload HTTP/1.1" 200 42319
[2025-09-16 13:32:06,131] INFO django.server "GET /static/custom_admin/css/branding.css HTTP/1.1" 200 99
[2025-09-16 13:32:06,145] INFO django.server "GET /media/logo/logo.png HTTP/1.1" 200 12256
[2025-09-16 13:32:06,151] INFO django.server "GET /static/custom_admin/js/branding.js HTTP/1.1" 200 104
[2025-09-16 13:32:06,405] WARNING django.request Not Found: /favicon.ico
[2025-09-16 13:32:06,406] WARNING django.server "GET /favicon.ico HTTP/1.1" 404 2855
[2025-09-16 13:32:08,734] INFO django.server "POST /consultant/delete_timesheet/13/ HTTP/1.1" 200 63
[2025-09-16 13:32:10,813] INFO django.server "GET /auth/timesheet/?consultant_id=13&year=2025&month=09 HTTP/1.1" 200 18918
[2025-09-16 13:32:10,829] INFO django.server "GET /media/logo/logo.png HTTP/1.1" 200 12256
[2025-09-16 13:32:10,830] INFO django.server "GET /static/custom_admin/css/branding.css HTTP/1.1" 200 99
[2025-09-16 13:32:10,854] INFO django.server "GET /static/custom_admin/js/branding.js HTTP/1.1" 200 104
[2025-09-16 13:32:10,859] INFO django.server "GET /static/custom_admin/js/timesheet.js HTTP/1.1" 200 7231
[2025-09-16 13:32:18,029] INFO django.server "POST /consultant/upload_timesheet/13/ HTTP/1.1" 200 103
[2025-09-16 13:32:18,241] INFO django.server "GET /consultant/consultant_timesheet/?year=2025&month=09&mode=upload HTTP/1.1" 200 48259
[2025-09-16 13:32:19,848] INFO django.server "GET /auth/timesheet/?consultant_id=13&year=2025&month=09 HTTP/1.1" 200 26885
[2025-09-16 13:32:19,864] INFO django.server "GET /static/custom_admin/css/branding.css HTTP/1.1" 200 99
[2025-09-16 13:32:19,865] INFO django.server "GET /media/logo/logo.png HTTP/1.1" 200 12256
[2025-09-16 13:32:19,881] INFO django.server "GET /static/custom_admin/js/branding.js HTTP/1.1" 200 104
[2025-09-16 13:32:19,886] INFO django.server "GET /static/custom_admin/js/timesheet.js HTTP/1.1" 200 7231
[2025-09-16 13:32:29,723] INFO django.server "POST /auth/save_timesheet_entries/ HTTP/1.1" 200 138
[2025-09-16 13:32:32,448] INFO django.server "GET /consultant/consultant_timesheet/?year=2025&month=09&mode=upload HTTP/1.1" 200 42319
[2025-09-16 13:32:32,496] INFO django.server "GET /static/custom_admin/css/branding.css HTTP/1.1" 200 99
[2025-09-16 13:32:32,508] INFO django.server "GET /media/logo/logo.png HTTP/1.1" 200 12256
[2025-09-16 13:32:32,514] INFO django.server "GET /static/custom_admin/js/branding.js HTTP/1.1" 200 104
[2025-09-16 13:32:32,745] WARNING django.request Not Found: /favicon.ico
[2025-09-16 13:32:32,746] WARNING django.server "GET /favicon.ico HTTP/1.1" 404 2855
[2025-09-16 13:32:34,789] INFO django.server "GET /auth/timesheet/?consultant_id=13&year=2025&month=09 HTTP/1.1" 200 20809
[2025-09-16 13:32:34,815] INFO django.server "GET /media/logo/logo.png HTTP/1.1" 200 12256
[2025-09-16 13:32:34,816] INFO django.server "GET /static/custom_admin/css/branding.css HTTP/1.1" 200 99
[2025-09-16 13:32:34,838] INFO django.server "GET /static/custom_admin/js/branding.js HTTP/1.1" 200 104
[2025-09-16 13:32:34,842] INFO django.server "GET /static/custom_admin/js/timesheet.js HTTP/1.1" 200 7231
[2025-09-16 13:36:47,358] INFO django.server "POST /consultant/delete_timesheet/14/ HTTP/1.1" 200 63
[2025-09-16 13:40:21,907] INFO django.utils.autoreload C:\Users\Ayush\OneDrive - Crystal Hues Ltd\Desktop\consultation_webapp_industry\custom_admin\views.py changed, reloading.
[2025-09-16 13:40:23,554] INFO django.utils.autoreload Watching for file changes with StatReloader
[2025-09-16 13:41:36,897] INFO django.utils.autoreload C:\Users\Ayush\OneDrive - Crystal Hues Ltd\Desktop\consultation_webapp_industry\consultant\views.py changed, reloading.
[2025-09-16 13:41:38,360] INFO django.utils.autoreload Watching for file changes with StatReloader
[2025-09-16 13:42:00,319] INFO django.server "GET /consultant/consultant_timesheet/?year=2025&month=09&mode=upload HTTP/1.1" 200 41122
[2025-09-16 13:42:00,426] INFO django.server "GET /static/custom_admin/css/branding.css HTTP/1.1" 200 99
[2025-09-16 13:42:00,427] INFO django.server "GET /media/logo/logo.png HTTP/1.1" 200 12256
[2025-09-16 13:42:00,435] INFO django.server "GET /static/custom_admin/js/branding.js HTTP/1.1" 200 104
[2025-09-16 13:42:00,975] WARNING django.request Not Found: /favicon.ico
[2025-09-16 13:42:00,975] WARNING django.server "GET /favicon.ico HTTP/1.1" 404 2855
[2025-09-16 13:42:13,514] INFO django.server "POST /consultant/upload_timesheet/13/ HTTP/1.1" 200 103
[2025-09-16 13:42:13,685] INFO django.server "GET /consultant/consultant_timesheet/?year=2025&month=09&mode=upload HTTP/1.1" 200 48187
[2025-09-16 13:42:26,230] INFO django.server "GET /auth/timesheet/?consultant_id=13&year=2025&month=09 HTTP/1.1" 200 26885
[2025-09-16 13:42:26,251] INFO django.server "GET /static/custom_admin/css/branding.css HTTP/1.1" 200 99
[2025-09-16 13:42:26,251] INFO django.server "GET /media/logo/logo.png HTTP/1.1" 200 12256
[2025-09-16 13:42:26,358] INFO django.server "GET /static/custom_admin/js/branding.js HTTP/1.1" 200 104
[2025-09-16 13:42:26,364] INFO django.server "GET /static/custom_admin/js/timesheet.js HTTP/1.1" 200 7231
[2025-09-16 13:42:33,503] INFO django.server "POST /auth/save_timesheet_entries/ HTTP/1.1" 200 102
[2025-09-16 13:53:25,837] INFO django.utils.autoreload C:\Users\Ayush\OneDrive - Crystal Hues Ltd\Desktop\consultation_webapp_industry\custom_admin\views.py changed, reloading.
[2025-09-16 13:53:27,443] INFO django.utils.autoreload Watching for file changes with StatReloader
[2025-09-16 13:56:51,817] INFO django.utils.autoreload C:\Users\Ayush\OneDrive - Crystal Hues Ltd\Desktop\consultation_webapp_industry\custom_admin\views.py changed, reloading.
[2025-09-16 13:56:53,318] INFO django.utils.autoreload Watching for file changes with StatReloader
[2025-09-16 13:57:37,540] INFO django.server "GET /consultant/consultant_timesheet/?year=2025&month=09&mode=upload HTTP/1.1" 200 48187
[2025-09-16 13:57:37,659] INFO django.server "GET /static/custom_admin/css/branding.css HTTP/1.1" 200 99
[2025-09-16 13:57:37,672] INFO django.server "GET /media/logo/logo.png HTTP/1.1" 200 12256
[2025-09-16 13:57:37,679] INFO django.server "GET /static/custom_admin/js/branding.js HTTP/1.1" 200 104
[2025-09-16 13:57:38,727] WARNING django.request Not Found: /favicon.ico
[2025-09-16 13:57:38,728] WARNING django.server "GET /favicon.ico HTTP/1.1" 404 2855
[2025-09-16 13:57:49,324] INFO django.server "GET /auth/timesheet/?consultant_id=13&year=2025&month=09 HTTP/1.1" 200 26885
[2025-09-16 13:57:49,353] INFO django.server "GET /media/logo/logo.png HTTP/1.1" 200 12256
[2025-09-16 13:57:49,354] INFO django.server "GET /static/custom_admin/css/branding.css HTTP/1.1" 200 99
[2025-09-16 13:57:49,561] INFO django.server "GET /static/custom_admin/js/branding.js HTTP/1.1" 200 104
[2025-09-16 13:57:49,565] INFO django.server "GET /static/custom_admin/js/timesheet.js HTTP/1.1" 200 7231
[2025-09-16 14:02:35,135] INFO django.utils.autoreload C:\Users\Ayush\OneDrive - Crystal Hues Ltd\Desktop\consultation_webapp_industry\custom_admin\views.py changed, reloading.
[2025-09-16 14:02:36,743] INFO django.utils.autoreload Watching for file changes with StatReloader
[2025-09-16 14:02:40,786] INFO django.server "GET /auth/timesheet/?consultant_id=13&year=2025&month=09 HTTP/1.1" 200 26885
[2025-09-16 14:02:40,872] INFO django.server "GET /media/logo/logo.png HTTP/1.1" 200 12256
[2025-09-16 14:02:40,874] INFO django.server "GET /static/custom_admin/css/branding.css HTTP/1.1" 200 99
[2025-09-16 14:02:40,964] INFO django.server "GET /static/custom_admin/js/branding.js HTTP/1.1" 200 104
[2025-09-16 14:02:40,968] INFO django.server "GET /static/custom_admin/js/timesheet.js HTTP/1.1" 200 7231
[2025-09-16 14:02:49,670] INFO django.server "POST /auth/save_timesheet_entries/ HTTP/1.1" 200 69
[2025-09-16 14:02:54,408] INFO django.server "GET /auth/timesheet/?consultant_id=13&year=2025&month=09 HTTP/1.1" 200 27027
[2025-09-16 14:02:54,430] INFO django.server "GET /media/logo/logo.png HTTP/1.1" 200 12256
[2025-09-16 14:02:54,431] INFO django.server "GET /static/custom_admin/css/branding.css HTTP/1.1" 200 99
[2025-09-16 14:02:54,544] INFO django.server "GET /static/custom_admin/js/timesheet.js HTTP/1.1" 200 7231
[2025-09-16 14:02:54,544] INFO django.server "GET /static/custom_admin/js/branding.js HTTP/1.1" 200 104
[2025-09-16 14:03:07,267] INFO django.server "GET /consultant/consultant_timesheet/?year=2025&month=09&mode=upload HTTP/1.1" 200 48263
[2025-09-16 14:03:07,332] INFO django.server "GET /static/custom_admin/css/branding.css HTTP/1.1" 200 99
[2025-09-16 14:03:07,340] INFO django.server "GET /media/logo/logo.png HTTP/1.1" 200 12256
[2025-09-16 14:03:07,348] INFO django.server "GET /static/custom_admin/js/branding.js HTTP/1.1" 200 104
[2025-09-16 14:03:08,070] WARNING django.request Not Found: /favicon.ico
[2025-09-16 14:03:08,071] WARNING django.server "GET /favicon.ico HTTP/1.1" 404 2855
[2025-09-16 14:08:48,723] INFO django.utils.autoreload C:\Users\Ayush\OneDrive - Crystal Hues Ltd\Desktop\consultation_webapp_industry\consultant\views.py changed, reloading.
[2025-09-16 14:08:50,277] INFO django.utils.autoreload Watching for file changes with StatReloader
[2025-09-16 14:09:21,938] INFO django.server "GET /consultant/consultant_timesheet/?year=2025&month=09&mode=upload HTTP/1.1" 200 48267
[2025-09-16 14:09:22,081] INFO django.server "GET /static/custom_admin/css/branding.css HTTP/1.1" 200 99
[2025-09-16 14:09:22,084] INFO django.server "GET /media/logo/logo.png HTTP/1.1" 200 12256
[2025-09-16 14:09:22,114] INFO django.server "GET /static/custom_admin/js/branding.js HTTP/1.1" 200 104
[2025-09-16 14:09:22,645] WARNING django.request Not Found: /favicon.ico
[2025-09-16 14:09:22,646] WARNING django.server "GET /favicon.ico HTTP/1.1" 404 2855
[2025-09-16 14:11:50,057] INFO django.server "GET /auth/timesheet/?consultant_id=13&year=2025&month=09 HTTP/1.1" 200 27027
[2025-09-16 14:11:50,084] INFO django.server "GET /static/custom_admin/css/branding.css HTTP/1.1" 200 99
[2025-09-16 14:11:50,085] INFO django.server "GET /media/logo/logo.png HTTP/1.1" 200 12256
[2025-09-16 14:11:50,237] INFO django.server "GET /static/custom_admin/js/branding.js HTTP/1.1" 200 104
[2025-09-16 14:11:50,242] INFO django.server "GET /static/custom_admin/js/timesheet.js HTTP/1.1" 200 7231
[2025-09-16 14:22:41,405] INFO django.server "GET /consultant/consultant_timesheet/?year=2025&month=08&mode=upload HTTP/1.1" 200 42326
[2025-09-16 14:22:47,069] INFO django.server "POST /consultant/upload_timesheet/13/ HTTP/1.1" 200 103
[2025-09-16 14:22:47,271] INFO django.server "GET /consultant/consultant_timesheet/?year=2025&month=08&mode=upload HTTP/1.1" 200 48840
[2025-09-16 14:23:27,690] INFO django.server "GET /consultant/consultant_timesheet/?year=2025&month=08&mode=manual HTTP/1.1" 200 49265
[2025-09-16 14:26:30,555] INFO django.server "GET /auth/timesheet/?consultant_id=13&year=2025&month=08 HTTP/1.1" 200 26885
[2025-09-16 14:35:37,572] INFO django.server "GET /auth/timesheet/?consultant_id=13&year=2025&month=08 HTTP/1.1" 200 26885
[2025-09-16 14:35:37,598] INFO django.server "GET /static/custom_admin/css/branding.css HTTP/1.1" 200 99
[2025-09-16 14:35:37,599] INFO django.server "GET /media/logo/logo.png HTTP/1.1" 200 12256
[2025-09-16 14:35:37,790] INFO django.server "GET /static/custom_admin/js/branding.js HTTP/1.1" 200 104
[2025-09-16 14:35:37,798] INFO django.server "GET /static/custom_admin/js/timesheet.js HTTP/1.1" 200 7231
[2025-09-16 14:39:16,737] INFO django.server "GET /auth/timesheet/?consultant_id=13&year=2025&month=08 HTTP/1.1" 200 26914
[2025-09-16 14:39:16,764] INFO django.server "GET /static/custom_admin/css/branding.css HTTP/1.1" 200 99
[2025-09-16 14:39:16,764] INFO django.server "GET /media/logo/logo.png HTTP/1.1" 200 12256
[2025-09-16 14:39:16,973] INFO django.server "GET /static/custom_admin/js/branding.js HTTP/1.1" 200 104
[2025-09-16 14:39:16,978] INFO django.server "GET /static/custom_admin/js/timesheet.js HTTP/1.1" 200 7231
[2025-09-16 14:39:42,177] INFO django.server "GET /auth/timesheet/?consultant_id=13&year=2025&month=08 HTTP/1.1" 200 26931
[2025-09-16 14:39:42,198] INFO django.server "GET /media/logo/logo.png HTTP/1.1" 200 12256
[2025-09-16 14:39:42,198] INFO django.server "GET /static/custom_admin/css/branding.css HTTP/1.1" 200 99
[2025-09-16 14:39:42,238] INFO django.server "GET /static/custom_admin/js/branding.js HTTP/1.1" 200 104
[2025-09-16 14:39:42,244] INFO django.server "GET /static/custom_admin/js/timesheet.js HTTP/1.1" 200 7231
[2025-09-16 14:39:58,324] INFO django.server "GET /auth/timesheet/?consultant_id=13&year=2025&month=08 HTTP/1.1" 200 26931
[2025-09-16 14:39:58,345] INFO django.server "GET /static/custom_admin/css/branding.css HTTP/1.1" 200 99
[2025-09-16 14:39:58,345] INFO django.server "GET /media/logo/logo.png HTTP/1.1" 200 12256
[2025-09-16 14:39:58,383] INFO django.server "GET /static/custom_admin/js/branding.js HTTP/1.1" 200 104
[2025-09-16 14:39:58,388] INFO django.server "GET /static/custom_admin/js/timesheet.js HTTP/1.1" 200 7231
[2025-09-16 14:39:59,183] INFO django.server "GET /auth/timesheet/?consultant_id=13&year=2025&month=08 HTTP/1.1" 200 26931
[2025-09-16 14:39:59,203] INFO django.server "GET /static/custom_admin/css/branding.css HTTP/1.1" 200 99
[2025-09-16 14:39:59,203] INFO django.server "GET /media/logo/logo.png HTTP/1.1" 200 12256
[2025-09-16 14:39:59,234] INFO django.server "GET /static/custom_admin/js/branding.js HTTP/1.1" 200 104
[2025-09-16 14:39:59,242] INFO django.server "GET /static/custom_admin/js/timesheet.js HTTP/1.1" 200 7231
[2025-09-16 14:40:19,806] ERROR django.request Internal Server Error: /auth/timesheet/
Traceback (most recent call last):
  File "C:\Users\Ayush\AppData\Local\Programs\Python\Python311\Lib\site-packages\django\contrib\sessions\backends\base.py", line 187, in _get_session
    return self._session_cache
           ^^^^^^^^^^^^^^^^^^^
AttributeError: 'SessionStore' object has no attribute '_session_cache'

During handling of the above exception, another exception occurred:

Traceback (most recent call last):
  File "C:\Users\Ayush\AppData\Local\Programs\Python\Python311\Lib\site-packages\django\db\backends\base\base.py", line 275, in ensure_connection
    self.connect()
  File "C:\Users\Ayush\AppData\Local\Programs\Python\Python311\Lib\site-packages\django\utils\asyncio.py", line 26, in inner
    return func(*args, **kwargs)
           ^^^^^^^^^^^^^^^^^^^^^
  File "C:\Users\Ayush\AppData\Local\Programs\Python\Python311\Lib\site-packages\django\db\backends\base\base.py", line 256, in connect
    self.connection = self.get_new_connection(conn_params)
                      ^^^^^^^^^^^^^^^^^^^^^^^^^^^^^^^^^^^^
  File "C:\Users\Ayush\AppData\Local\Programs\Python\Python311\Lib\site-packages\mssql\base.py", line 368, in get_new_connection
    conn = Database.connect(connstr, **args)
           ^^^^^^^^^^^^^^^^^^^^^^^^^^^^^^^^^
pyodbc.OperationalError: ('08S01', '[08S01] [Microsoft][ODBC Driver 17 for SQL Server]TCP Provider: A connection attempt failed because the connected party did not properly respond after a period of time, or established connection failed because connected host has failed to respond.\r\n (10060) (SQLSetConnectAttr(SQL_ATTR_AUTOCOMMIT)); [08S01] [Microsoft][ODBC Driver 17 for SQL Server]TCP Provider: A connection attempt failed because the connected party did not properly respond after a period of time, or established connection failed because connected host has failed to respond.\r\n (10060); [08S01] [Microsoft][ODBC Driver 17 for SQL Server]Communication link failure (10060); [08S01] [Microsoft][ODBC Driver 17 for SQL Server]Communication link failure (10060)')

The above exception was the direct cause of the following exception:

Traceback (most recent call last):
  File "C:\Users\Ayush\AppData\Local\Programs\Python\Python311\Lib\site-packages\django\core\handlers\exception.py", line 55, in inner
    response = get_response(request)
               ^^^^^^^^^^^^^^^^^^^^^
  File "C:\Users\Ayush\AppData\Local\Programs\Python\Python311\Lib\site-packages\django\core\handlers\base.py", line 197, in _get_response
    response = wrapped_callback(request, *callback_args, **callback_kwargs)
               ^^^^^^^^^^^^^^^^^^^^^^^^^^^^^^^^^^^^^^^^^^^^^^^^^^^^^^^^^^^^
  File "C:\Users\Ayush\AppData\Local\Programs\Python\Python311\Lib\site-packages\django\contrib\auth\decorators.py", line 22, in _wrapper_view
    if test_func(request.user):
       ^^^^^^^^^^^^^^^^^^^^^^^
  File "C:\Users\Ayush\AppData\Local\Programs\Python\Python311\Lib\site-packages\django\contrib\auth\decorators.py", line 51, in <lambda>
    lambda u: u.is_authenticated,
              ^^^^^^^^^^^^^^^^^^
  File "C:\Users\Ayush\AppData\Local\Programs\Python\Python311\Lib\site-packages\django\utils\functional.py", line 251, in inner
    self._setup()
  File "C:\Users\Ayush\AppData\Local\Programs\Python\Python311\Lib\site-packages\django\utils\functional.py", line 404, in _setup
    self._wrapped = self._setupfunc()
                    ^^^^^^^^^^^^^^^^^
  File "C:\Users\Ayush\AppData\Local\Programs\Python\Python311\Lib\site-packages\django\contrib\auth\middleware.py", line 33, in <lambda>
    request.user = SimpleLazyObject(lambda: get_user(request))
                                            ^^^^^^^^^^^^^^^^^
  File "C:\Users\Ayush\AppData\Local\Programs\Python\Python311\Lib\site-packages\django\contrib\auth\middleware.py", line 13, in get_user
    request._cached_user = auth.get_user(request)
                           ^^^^^^^^^^^^^^^^^^^^^^
  File "C:\Users\Ayush\AppData\Local\Programs\Python\Python311\Lib\site-packages\django\contrib\auth\__init__.py", line 209, in get_user
    user_id = _get_user_session_key(request)
              ^^^^^^^^^^^^^^^^^^^^^^^^^^^^^^
  File "C:\Users\Ayush\AppData\Local\Programs\Python\Python311\Lib\site-packages\django\contrib\auth\__init__.py", line 62, in _get_user_session_key
    return get_user_model()._meta.pk.to_python(request.session[SESSION_KEY])
                                               ~~~~~~~~~~~~~~~^^^^^^^^^^^^^
  File "C:\Users\Ayush\AppData\Local\Programs\Python\Python311\Lib\site-packages\django\contrib\sessions\backends\base.py", line 53, in __getitem__
    return self._session[key]
           ^^^^^^^^^^^^^
  File "C:\Users\Ayush\AppData\Local\Programs\Python\Python311\Lib\site-packages\django\contrib\sessions\backends\base.py", line 192, in _get_session
    self._session_cache = self.load()
                          ^^^^^^^^^^^
  File "C:\Users\Ayush\AppData\Local\Programs\Python\Python311\Lib\site-packages\django\contrib\sessions\backends\db.py", line 42, in load
    s = self._get_session_from_db()
        ^^^^^^^^^^^^^^^^^^^^^^^^^^^
  File "C:\Users\Ayush\AppData\Local\Programs\Python\Python311\Lib\site-packages\django\contrib\sessions\backends\db.py", line 32, in _get_session_from_db
    return self.model.objects.get(
           ^^^^^^^^^^^^^^^^^^^^^^^
  File "C:\Users\Ayush\AppData\Local\Programs\Python\Python311\Lib\site-packages\django\db\models\manager.py", line 87, in manager_method
    return getattr(self.get_queryset(), name)(*args, **kwargs)
           ^^^^^^^^^^^^^^^^^^^^^^^^^^^^^^^^^^^^^^^^^^^^^^^^^^^
  File "C:\Users\Ayush\AppData\Local\Programs\Python\Python311\Lib\site-packages\django\db\models\query.py", line 645, in get
    num = len(clone)
          ^^^^^^^^^^
  File "C:\Users\Ayush\AppData\Local\Programs\Python\Python311\Lib\site-packages\django\db\models\query.py", line 382, in __len__
    self._fetch_all()
  File "C:\Users\Ayush\AppData\Local\Programs\Python\Python311\Lib\site-packages\django\db\models\query.py", line 1928, in _fetch_all
    self._result_cache = list(self._iterable_class(self))
                         ^^^^^^^^^^^^^^^^^^^^^^^^^^^^^^^^
  File "C:\Users\Ayush\AppData\Local\Programs\Python\Python311\Lib\site-packages\django\db\models\query.py", line 91, in __iter__
    results = compiler.execute_sql(
              ^^^^^^^^^^^^^^^^^^^^^
  File "C:\Users\Ayush\AppData\Local\Programs\Python\Python311\Lib\site-packages\django\db\models\sql\compiler.py", line 1560, in execute_sql
    cursor = self.connection.cursor()
             ^^^^^^^^^^^^^^^^^^^^^^^^
  File "C:\Users\Ayush\AppData\Local\Programs\Python\Python311\Lib\site-packages\django\utils\asyncio.py", line 26, in inner
    return func(*args, **kwargs)
           ^^^^^^^^^^^^^^^^^^^^^
  File "C:\Users\Ayush\AppData\Local\Programs\Python\Python311\Lib\site-packages\django\db\backends\base\base.py", line 316, in cursor
    return self._cursor()
           ^^^^^^^^^^^^^^
  File "C:\Users\Ayush\AppData\Local\Programs\Python\Python311\Lib\site-packages\mssql\base.py", line 261, in _cursor
    conn = super()._cursor()
           ^^^^^^^^^^^^^^^^^
  File "C:\Users\Ayush\AppData\Local\Programs\Python\Python311\Lib\site-packages\django\db\backends\base\base.py", line 292, in _cursor
    self.ensure_connection()
  File "C:\Users\Ayush\AppData\Local\Programs\Python\Python311\Lib\site-packages\django\utils\asyncio.py", line 26, in inner
    return func(*args, **kwargs)
           ^^^^^^^^^^^^^^^^^^^^^
  File "C:\Users\Ayush\AppData\Local\Programs\Python\Python311\Lib\site-packages\django\db\backends\base\base.py", line 274, in ensure_connection
    with self.wrap_database_errors:
  File "C:\Users\Ayush\AppData\Local\Programs\Python\Python311\Lib\site-packages\django\db\utils.py", line 91, in __exit__
    raise dj_exc_value.with_traceback(traceback) from exc_value
  File "C:\Users\Ayush\AppData\Local\Programs\Python\Python311\Lib\site-packages\django\db\backends\base\base.py", line 275, in ensure_connection
    self.connect()
  File "C:\Users\Ayush\AppData\Local\Programs\Python\Python311\Lib\site-packages\django\utils\asyncio.py", line 26, in inner
    return func(*args, **kwargs)
           ^^^^^^^^^^^^^^^^^^^^^
  File "C:\Users\Ayush\AppData\Local\Programs\Python\Python311\Lib\site-packages\django\db\backends\base\base.py", line 256, in connect
    self.connection = self.get_new_connection(conn_params)
                      ^^^^^^^^^^^^^^^^^^^^^^^^^^^^^^^^^^^^
  File "C:\Users\Ayush\AppData\Local\Programs\Python\Python311\Lib\site-packages\mssql\base.py", line 368, in get_new_connection
    conn = Database.connect(connstr, **args)
           ^^^^^^^^^^^^^^^^^^^^^^^^^^^^^^^^^
django.db.utils.OperationalError: ('08S01', '[08S01] [Microsoft][ODBC Driver 17 for SQL Server]TCP Provider: A connection attempt failed because the connected party did not properly respond after a period of time, or established connection failed because connected host has failed to respond.\r\n (10060) (SQLSetConnectAttr(SQL_ATTR_AUTOCOMMIT)); [08S01] [Microsoft][ODBC Driver 17 for SQL Server]TCP Provider: A connection attempt failed because the connected party did not properly respond after a period of time, or established connection failed because connected host has failed to respond.\r\n (10060); [08S01] [Microsoft][ODBC Driver 17 for SQL Server]Communication link failure (10060); [08S01] [Microsoft][ODBC Driver 17 for SQL Server]Communication link failure (10060)')
[2025-09-16 14:40:19,814] INFO django.server - Broken pipe from ('127.0.0.1', 49718)
[2025-09-16 14:40:30,200] INFO django.server "GET /auth/timesheet/?consultant_id=13&year=2025&month=08 HTTP/1.1" 200 26886
[2025-09-16 14:40:30,231] INFO django.server "GET /static/custom_admin/css/branding.css HTTP/1.1" 200 99
[2025-09-16 14:40:30,231] INFO django.server "GET /media/logo/logo.png HTTP/1.1" 200 12256
[2025-09-16 14:40:30,360] INFO django.server "GET /static/custom_admin/js/branding.js HTTP/1.1" 200 104
[2025-09-16 14:40:30,365] INFO django.server "GET /static/custom_admin/js/timesheet.js HTTP/1.1" 200 7231
[2025-09-16 14:40:37,153] ERROR django.request Internal Server Error: /auth/timesheet/
Traceback (most recent call last):
  File "C:\Users\Ayush\AppData\Local\Programs\Python\Python311\Lib\site-packages\django\contrib\sessions\backends\base.py", line 187, in _get_session
    return self._session_cache
           ^^^^^^^^^^^^^^^^^^^
AttributeError: 'SessionStore' object has no attribute '_session_cache'

During handling of the above exception, another exception occurred:

Traceback (most recent call last):
  File "C:\Users\Ayush\AppData\Local\Programs\Python\Python311\Lib\site-packages\django\db\backends\base\base.py", line 275, in ensure_connection
    self.connect()
  File "C:\Users\Ayush\AppData\Local\Programs\Python\Python311\Lib\site-packages\django\utils\asyncio.py", line 26, in inner
    return func(*args, **kwargs)
           ^^^^^^^^^^^^^^^^^^^^^
  File "C:\Users\Ayush\AppData\Local\Programs\Python\Python311\Lib\site-packages\django\db\backends\base\base.py", line 256, in connect
    self.connection = self.get_new_connection(conn_params)
                      ^^^^^^^^^^^^^^^^^^^^^^^^^^^^^^^^^^^^
  File "C:\Users\Ayush\AppData\Local\Programs\Python\Python311\Lib\site-packages\mssql\base.py", line 368, in get_new_connection
    conn = Database.connect(connstr, **args)
           ^^^^^^^^^^^^^^^^^^^^^^^^^^^^^^^^^
pyodbc.OperationalError: ('08001', '[08001] [Microsoft][ODBC Driver 17 for SQL Server]Named Pipes Provider: Could not open a connection to SQL Server [64].  (64) (SQLDriverConnect); [08001] [Microsoft][ODBC Driver 17 for SQL Server]Login timeout expired (0); [08001] [Microsoft][ODBC Driver 17 for SQL Server]Invalid connection string attribute (0); [08001] [Microsoft][ODBC Driver 17 for SQL Server]A network-related or instance-specific error has occurred while establishing a connection to SQL Server. Server is not found or not accessible. Check if instance name is correct and if SQL Server is configured to allow remote connections. For more information see SQL Server Books Online. (64)')

The above exception was the direct cause of the following exception:

Traceback (most recent call last):
  File "C:\Users\Ayush\AppData\Local\Programs\Python\Python311\Lib\site-packages\django\core\handlers\exception.py", line 55, in inner
    response = get_response(request)
               ^^^^^^^^^^^^^^^^^^^^^
  File "C:\Users\Ayush\AppData\Local\Programs\Python\Python311\Lib\site-packages\django\core\handlers\base.py", line 197, in _get_response
    response = wrapped_callback(request, *callback_args, **callback_kwargs)
               ^^^^^^^^^^^^^^^^^^^^^^^^^^^^^^^^^^^^^^^^^^^^^^^^^^^^^^^^^^^^
  File "C:\Users\Ayush\AppData\Local\Programs\Python\Python311\Lib\site-packages\django\contrib\auth\decorators.py", line 22, in _wrapper_view
    if test_func(request.user):
       ^^^^^^^^^^^^^^^^^^^^^^^
  File "C:\Users\Ayush\AppData\Local\Programs\Python\Python311\Lib\site-packages\django\contrib\auth\decorators.py", line 51, in <lambda>
    lambda u: u.is_authenticated,
              ^^^^^^^^^^^^^^^^^^
  File "C:\Users\Ayush\AppData\Local\Programs\Python\Python311\Lib\site-packages\django\utils\functional.py", line 251, in inner
    self._setup()
  File "C:\Users\Ayush\AppData\Local\Programs\Python\Python311\Lib\site-packages\django\utils\functional.py", line 404, in _setup
    self._wrapped = self._setupfunc()
                    ^^^^^^^^^^^^^^^^^
  File "C:\Users\Ayush\AppData\Local\Programs\Python\Python311\Lib\site-packages\django\contrib\auth\middleware.py", line 33, in <lambda>
    request.user = SimpleLazyObject(lambda: get_user(request))
                                            ^^^^^^^^^^^^^^^^^
  File "C:\Users\Ayush\AppData\Local\Programs\Python\Python311\Lib\site-packages\django\contrib\auth\middleware.py", line 13, in get_user
    request._cached_user = auth.get_user(request)
                           ^^^^^^^^^^^^^^^^^^^^^^
  File "C:\Users\Ayush\AppData\Local\Programs\Python\Python311\Lib\site-packages\django\contrib\auth\__init__.py", line 209, in get_user
    user_id = _get_user_session_key(request)
              ^^^^^^^^^^^^^^^^^^^^^^^^^^^^^^
  File "C:\Users\Ayush\AppData\Local\Programs\Python\Python311\Lib\site-packages\django\contrib\auth\__init__.py", line 62, in _get_user_session_key
    return get_user_model()._meta.pk.to_python(request.session[SESSION_KEY])
                                               ~~~~~~~~~~~~~~~^^^^^^^^^^^^^
  File "C:\Users\Ayush\AppData\Local\Programs\Python\Python311\Lib\site-packages\django\contrib\sessions\backends\base.py", line 53, in __getitem__
    return self._session[key]
           ^^^^^^^^^^^^^
  File "C:\Users\Ayush\AppData\Local\Programs\Python\Python311\Lib\site-packages\django\contrib\sessions\backends\base.py", line 192, in _get_session
    self._session_cache = self.load()
                          ^^^^^^^^^^^
  File "C:\Users\Ayush\AppData\Local\Programs\Python\Python311\Lib\site-packages\django\contrib\sessions\backends\db.py", line 42, in load
    s = self._get_session_from_db()
        ^^^^^^^^^^^^^^^^^^^^^^^^^^^
  File "C:\Users\Ayush\AppData\Local\Programs\Python\Python311\Lib\site-packages\django\contrib\sessions\backends\db.py", line 32, in _get_session_from_db
    return self.model.objects.get(
           ^^^^^^^^^^^^^^^^^^^^^^^
  File "C:\Users\Ayush\AppData\Local\Programs\Python\Python311\Lib\site-packages\django\db\models\manager.py", line 87, in manager_method
    return getattr(self.get_queryset(), name)(*args, **kwargs)
           ^^^^^^^^^^^^^^^^^^^^^^^^^^^^^^^^^^^^^^^^^^^^^^^^^^^
  File "C:\Users\Ayush\AppData\Local\Programs\Python\Python311\Lib\site-packages\django\db\models\query.py", line 645, in get
    num = len(clone)
          ^^^^^^^^^^
  File "C:\Users\Ayush\AppData\Local\Programs\Python\Python311\Lib\site-packages\django\db\models\query.py", line 382, in __len__
    self._fetch_all()
  File "C:\Users\Ayush\AppData\Local\Programs\Python\Python311\Lib\site-packages\django\db\models\query.py", line 1928, in _fetch_all
    self._result_cache = list(self._iterable_class(self))
                         ^^^^^^^^^^^^^^^^^^^^^^^^^^^^^^^^
  File "C:\Users\Ayush\AppData\Local\Programs\Python\Python311\Lib\site-packages\django\db\models\query.py", line 91, in __iter__
    results = compiler.execute_sql(
              ^^^^^^^^^^^^^^^^^^^^^
  File "C:\Users\Ayush\AppData\Local\Programs\Python\Python311\Lib\site-packages\django\db\models\sql\compiler.py", line 1560, in execute_sql
    cursor = self.connection.cursor()
             ^^^^^^^^^^^^^^^^^^^^^^^^
  File "C:\Users\Ayush\AppData\Local\Programs\Python\Python311\Lib\site-packages\django\utils\asyncio.py", line 26, in inner
    return func(*args, **kwargs)
           ^^^^^^^^^^^^^^^^^^^^^
  File "C:\Users\Ayush\AppData\Local\Programs\Python\Python311\Lib\site-packages\django\db\backends\base\base.py", line 316, in cursor
    return self._cursor()
           ^^^^^^^^^^^^^^
  File "C:\Users\Ayush\AppData\Local\Programs\Python\Python311\Lib\site-packages\mssql\base.py", line 261, in _cursor
    conn = super()._cursor()
           ^^^^^^^^^^^^^^^^^
  File "C:\Users\Ayush\AppData\Local\Programs\Python\Python311\Lib\site-packages\django\db\backends\base\base.py", line 292, in _cursor
    self.ensure_connection()
  File "C:\Users\Ayush\AppData\Local\Programs\Python\Python311\Lib\site-packages\django\utils\asyncio.py", line 26, in inner
    return func(*args, **kwargs)
           ^^^^^^^^^^^^^^^^^^^^^
  File "C:\Users\Ayush\AppData\Local\Programs\Python\Python311\Lib\site-packages\django\db\backends\base\base.py", line 274, in ensure_connection
    with self.wrap_database_errors:
  File "C:\Users\Ayush\AppData\Local\Programs\Python\Python311\Lib\site-packages\django\db\utils.py", line 91, in __exit__
    raise dj_exc_value.with_traceback(traceback) from exc_value
  File "C:\Users\Ayush\AppData\Local\Programs\Python\Python311\Lib\site-packages\django\db\backends\base\base.py", line 275, in ensure_connection
    self.connect()
  File "C:\Users\Ayush\AppData\Local\Programs\Python\Python311\Lib\site-packages\django\utils\asyncio.py", line 26, in inner
    return func(*args, **kwargs)
           ^^^^^^^^^^^^^^^^^^^^^
  File "C:\Users\Ayush\AppData\Local\Programs\Python\Python311\Lib\site-packages\django\db\backends\base\base.py", line 256, in connect
    self.connection = self.get_new_connection(conn_params)
                      ^^^^^^^^^^^^^^^^^^^^^^^^^^^^^^^^^^^^
  File "C:\Users\Ayush\AppData\Local\Programs\Python\Python311\Lib\site-packages\mssql\base.py", line 368, in get_new_connection
    conn = Database.connect(connstr, **args)
           ^^^^^^^^^^^^^^^^^^^^^^^^^^^^^^^^^
django.db.utils.OperationalError: ('08001', '[08001] [Microsoft][ODBC Driver 17 for SQL Server]Named Pipes Provider: Could not open a connection to SQL Server [64].  (64) (SQLDriverConnect); [08001] [Microsoft][ODBC Driver 17 for SQL Server]Login timeout expired (0); [08001] [Microsoft][ODBC Driver 17 for SQL Server]Invalid connection string attribute (0); [08001] [Microsoft][ODBC Driver 17 for SQL Server]A network-related or instance-specific error has occurred while establishing a connection to SQL Server. Server is not found or not accessible. Check if instance name is correct and if SQL Server is configured to allow remote connections. For more information see SQL Server Books Online. (64)')
[2025-09-16 14:40:37,157] INFO django.server - Broken pipe from ('127.0.0.1', 52973)
[2025-09-16 14:40:37,205] ERROR django.request Internal Server Error: /auth/timesheet/
Traceback (most recent call last):
  File "C:\Users\Ayush\AppData\Local\Programs\Python\Python311\Lib\site-packages\django\contrib\sessions\backends\base.py", line 187, in _get_session
    return self._session_cache
           ^^^^^^^^^^^^^^^^^^^
AttributeError: 'SessionStore' object has no attribute '_session_cache'

During handling of the above exception, another exception occurred:

Traceback (most recent call last):
  File "C:\Users\Ayush\AppData\Local\Programs\Python\Python311\Lib\site-packages\django\db\backends\base\base.py", line 275, in ensure_connection
    self.connect()
  File "C:\Users\Ayush\AppData\Local\Programs\Python\Python311\Lib\site-packages\django\utils\asyncio.py", line 26, in inner
    return func(*args, **kwargs)
           ^^^^^^^^^^^^^^^^^^^^^
  File "C:\Users\Ayush\AppData\Local\Programs\Python\Python311\Lib\site-packages\django\db\backends\base\base.py", line 256, in connect
    self.connection = self.get_new_connection(conn_params)
                      ^^^^^^^^^^^^^^^^^^^^^^^^^^^^^^^^^^^^
  File "C:\Users\Ayush\AppData\Local\Programs\Python\Python311\Lib\site-packages\mssql\base.py", line 368, in get_new_connection
    conn = Database.connect(connstr, **args)
           ^^^^^^^^^^^^^^^^^^^^^^^^^^^^^^^^^
pyodbc.OperationalError: ('08001', '[08001] [Microsoft][ODBC Driver 17 for SQL Server]Named Pipes Provider: Could not open a connection to SQL Server [53].  (53) (SQLDriverConnect); [08001] [Microsoft][ODBC Driver 17 for SQL Server]Login timeout expired (0); [08001] [Microsoft][ODBC Driver 17 for SQL Server]Invalid connection string attribute (0); [08001] [Microsoft][ODBC Driver 17 for SQL Server]A network-related or instance-specific error has occurred while establishing a connection to SQL Server. Server is not found or not accessible. Check if instance name is correct and if SQL Server is configured to allow remote connections. For more information see SQL Server Books Online. (53)')

The above exception was the direct cause of the following exception:

Traceback (most recent call last):
  File "C:\Users\Ayush\AppData\Local\Programs\Python\Python311\Lib\site-packages\django\core\handlers\exception.py", line 55, in inner
    response = get_response(request)
               ^^^^^^^^^^^^^^^^^^^^^
  File "C:\Users\Ayush\AppData\Local\Programs\Python\Python311\Lib\site-packages\django\core\handlers\base.py", line 197, in _get_response
    response = wrapped_callback(request, *callback_args, **callback_kwargs)
               ^^^^^^^^^^^^^^^^^^^^^^^^^^^^^^^^^^^^^^^^^^^^^^^^^^^^^^^^^^^^
  File "C:\Users\Ayush\AppData\Local\Programs\Python\Python311\Lib\site-packages\django\contrib\auth\decorators.py", line 22, in _wrapper_view
    if test_func(request.user):
       ^^^^^^^^^^^^^^^^^^^^^^^
  File "C:\Users\Ayush\AppData\Local\Programs\Python\Python311\Lib\site-packages\django\contrib\auth\decorators.py", line 51, in <lambda>
    lambda u: u.is_authenticated,
              ^^^^^^^^^^^^^^^^^^
  File "C:\Users\Ayush\AppData\Local\Programs\Python\Python311\Lib\site-packages\django\utils\functional.py", line 251, in inner
    self._setup()
  File "C:\Users\Ayush\AppData\Local\Programs\Python\Python311\Lib\site-packages\django\utils\functional.py", line 404, in _setup
    self._wrapped = self._setupfunc()
                    ^^^^^^^^^^^^^^^^^
  File "C:\Users\Ayush\AppData\Local\Programs\Python\Python311\Lib\site-packages\django\contrib\auth\middleware.py", line 33, in <lambda>
    request.user = SimpleLazyObject(lambda: get_user(request))
                                            ^^^^^^^^^^^^^^^^^
  File "C:\Users\Ayush\AppData\Local\Programs\Python\Python311\Lib\site-packages\django\contrib\auth\middleware.py", line 13, in get_user
    request._cached_user = auth.get_user(request)
                           ^^^^^^^^^^^^^^^^^^^^^^
  File "C:\Users\Ayush\AppData\Local\Programs\Python\Python311\Lib\site-packages\django\contrib\auth\__init__.py", line 209, in get_user
    user_id = _get_user_session_key(request)
              ^^^^^^^^^^^^^^^^^^^^^^^^^^^^^^
  File "C:\Users\Ayush\AppData\Local\Programs\Python\Python311\Lib\site-packages\django\contrib\auth\__init__.py", line 62, in _get_user_session_key
    return get_user_model()._meta.pk.to_python(request.session[SESSION_KEY])
                                               ~~~~~~~~~~~~~~~^^^^^^^^^^^^^
  File "C:\Users\Ayush\AppData\Local\Programs\Python\Python311\Lib\site-packages\django\contrib\sessions\backends\base.py", line 53, in __getitem__
    return self._session[key]
           ^^^^^^^^^^^^^
  File "C:\Users\Ayush\AppData\Local\Programs\Python\Python311\Lib\site-packages\django\contrib\sessions\backends\base.py", line 192, in _get_session
    self._session_cache = self.load()
                          ^^^^^^^^^^^
  File "C:\Users\Ayush\AppData\Local\Programs\Python\Python311\Lib\site-packages\django\contrib\sessions\backends\db.py", line 42, in load
    s = self._get_session_from_db()
        ^^^^^^^^^^^^^^^^^^^^^^^^^^^
  File "C:\Users\Ayush\AppData\Local\Programs\Python\Python311\Lib\site-packages\django\contrib\sessions\backends\db.py", line 32, in _get_session_from_db
    return self.model.objects.get(
           ^^^^^^^^^^^^^^^^^^^^^^^
  File "C:\Users\Ayush\AppData\Local\Programs\Python\Python311\Lib\site-packages\django\db\models\manager.py", line 87, in manager_method
    return getattr(self.get_queryset(), name)(*args, **kwargs)
           ^^^^^^^^^^^^^^^^^^^^^^^^^^^^^^^^^^^^^^^^^^^^^^^^^^^
  File "C:\Users\Ayush\AppData\Local\Programs\Python\Python311\Lib\site-packages\django\db\models\query.py", line 645, in get
    num = len(clone)
          ^^^^^^^^^^
  File "C:\Users\Ayush\AppData\Local\Programs\Python\Python311\Lib\site-packages\django\db\models\query.py", line 382, in __len__
    self._fetch_all()
  File "C:\Users\Ayush\AppData\Local\Programs\Python\Python311\Lib\site-packages\django\db\models\query.py", line 1928, in _fetch_all
    self._result_cache = list(self._iterable_class(self))
                         ^^^^^^^^^^^^^^^^^^^^^^^^^^^^^^^^
  File "C:\Users\Ayush\AppData\Local\Programs\Python\Python311\Lib\site-packages\django\db\models\query.py", line 91, in __iter__
    results = compiler.execute_sql(
              ^^^^^^^^^^^^^^^^^^^^^
  File "C:\Users\Ayush\AppData\Local\Programs\Python\Python311\Lib\site-packages\django\db\models\sql\compiler.py", line 1560, in execute_sql
    cursor = self.connection.cursor()
             ^^^^^^^^^^^^^^^^^^^^^^^^
  File "C:\Users\Ayush\AppData\Local\Programs\Python\Python311\Lib\site-packages\django\utils\asyncio.py", line 26, in inner
    return func(*args, **kwargs)
           ^^^^^^^^^^^^^^^^^^^^^
  File "C:\Users\Ayush\AppData\Local\Programs\Python\Python311\Lib\site-packages\django\db\backends\base\base.py", line 316, in cursor
    return self._cursor()
           ^^^^^^^^^^^^^^
  File "C:\Users\Ayush\AppData\Local\Programs\Python\Python311\Lib\site-packages\mssql\base.py", line 261, in _cursor
    conn = super()._cursor()
           ^^^^^^^^^^^^^^^^^
  File "C:\Users\Ayush\AppData\Local\Programs\Python\Python311\Lib\site-packages\django\db\backends\base\base.py", line 292, in _cursor
    self.ensure_connection()
  File "C:\Users\Ayush\AppData\Local\Programs\Python\Python311\Lib\site-packages\django\utils\asyncio.py", line 26, in inner
    return func(*args, **kwargs)
           ^^^^^^^^^^^^^^^^^^^^^
  File "C:\Users\Ayush\AppData\Local\Programs\Python\Python311\Lib\site-packages\django\db\backends\base\base.py", line 274, in ensure_connection
    with self.wrap_database_errors:
  File "C:\Users\Ayush\AppData\Local\Programs\Python\Python311\Lib\site-packages\django\db\utils.py", line 91, in __exit__
    raise dj_exc_value.with_traceback(traceback) from exc_value
  File "C:\Users\Ayush\AppData\Local\Programs\Python\Python311\Lib\site-packages\django\db\backends\base\base.py", line 275, in ensure_connection
    self.connect()
  File "C:\Users\Ayush\AppData\Local\Programs\Python\Python311\Lib\site-packages\django\utils\asyncio.py", line 26, in inner
    return func(*args, **kwargs)
           ^^^^^^^^^^^^^^^^^^^^^
  File "C:\Users\Ayush\AppData\Local\Programs\Python\Python311\Lib\site-packages\django\db\backends\base\base.py", line 256, in connect
    self.connection = self.get_new_connection(conn_params)
                      ^^^^^^^^^^^^^^^^^^^^^^^^^^^^^^^^^^^^
  File "C:\Users\Ayush\AppData\Local\Programs\Python\Python311\Lib\site-packages\mssql\base.py", line 368, in get_new_connection
    conn = Database.connect(connstr, **args)
           ^^^^^^^^^^^^^^^^^^^^^^^^^^^^^^^^^
django.db.utils.OperationalError: ('08001', '[08001] [Microsoft][ODBC Driver 17 for SQL Server]Named Pipes Provider: Could not open a connection to SQL Server [53].  (53) (SQLDriverConnect); [08001] [Microsoft][ODBC Driver 17 for SQL Server]Login timeout expired (0); [08001] [Microsoft][ODBC Driver 17 for SQL Server]Invalid connection string attribute (0); [08001] [Microsoft][ODBC Driver 17 for SQL Server]A network-related or instance-specific error has occurred while establishing a connection to SQL Server. Server is not found or not accessible. Check if instance name is correct and if SQL Server is configured to allow remote connections. For more information see SQL Server Books Online. (53)')
[2025-09-16 14:40:37,208] INFO django.server - Broken pipe from ('127.0.0.1', 53528)
[2025-09-16 14:40:39,950] INFO django.server "GET /auth/timesheet/?consultant_id=13&year=2025&month=08 HTTP/1.1" 200 26885
[2025-09-16 14:40:39,971] INFO django.server "GET /static/custom_admin/css/branding.css HTTP/1.1" 200 99
[2025-09-16 14:40:39,972] INFO django.server "GET /media/logo/logo.png HTTP/1.1" 200 12256
[2025-09-16 14:40:39,991] INFO django.server "GET /static/custom_admin/js/branding.js HTTP/1.1" 200 104
[2025-09-16 14:40:39,994] INFO django.server "GET /static/custom_admin/js/timesheet.js HTTP/1.1" 200 7231
[2025-09-16 14:45:35,848] INFO django.server - Broken pipe from ('127.0.0.1', 62889)
[2025-09-16 14:45:36,894] INFO django.server "GET /auth/prospective_consultants_management/ HTTP/1.1" 200 23313
[2025-09-16 14:45:46,831] INFO django.server "GET /auth/timesheet/ HTTP/1.1" 200 18850
[2025-09-16 14:45:48,765] INFO django.server "GET /auth/admin_invoices/ HTTP/1.1" 200 37172
[2025-09-16 14:45:48,785] INFO django.server "GET /static/custom_admin/js/admin_invoices.js HTTP/1.1" 200 2814
[2025-09-16 14:45:55,179] INFO django.server "GET /auth/consultant_list/ HTTP/1.1" 200 38195
[2025-09-16 14:45:55,204] WARNING django.server "GET /static/default_profile.png HTTP/1.1" 404 1816
[2025-09-16 14:45:55,377] WARNING django.server "GET /static/default_profile.png HTTP/1.1" 404 1816
[2025-09-16 14:47:57,484] INFO django.server "GET /auth/consultant_profile/5/ HTTP/1.1" 200 43424
[2025-09-16 14:48:26,934] INFO django.server "GET /auth/consultant_profile/5/ HTTP/1.1" 200 43424
[2025-09-16 14:48:26,955] INFO django.server "GET /static/custom_admin/css/branding.css HTTP/1.1" 200 99
[2025-09-16 14:48:26,955] INFO django.server "GET /media/logo/logo.png HTTP/1.1" 200 12256
[2025-09-16 14:48:27,019] INFO django.server "GET /static/custom_admin/js/branding.js HTTP/1.1" 200 104
[2025-09-16 14:48:31,065] INFO django.server "GET /auth/consultant_list/ HTTP/1.1" 200 37644
[2025-09-16 14:48:31,091] WARNING django.server "GET /static/default_profile.png HTTP/1.1" 404 1816
[2025-09-16 14:48:31,261] WARNING django.server "GET /static/default_profile.png HTTP/1.1" 404 1816
[2025-09-16 14:48:55,333] INFO django.server "GET /auth/consultant_list/ HTTP/1.1" 200 37644
[2025-09-16 14:48:55,355] INFO django.server "GET /static/custom_admin/css/branding.css HTTP/1.1" 200 99
[2025-09-16 14:48:55,358] INFO django.server "GET /media/logo/logo.png HTTP/1.1" 200 12256
[2025-09-16 14:48:55,362] WARNING django.server "GET /static/default_profile.png HTTP/1.1" 404 1816
[2025-09-16 14:48:55,458] INFO django.server "GET /static/custom_admin/js/branding.js HTTP/1.1" 200 104
[2025-09-16 14:48:55,629] WARNING django.server "GET /static/default_profile.png HTTP/1.1" 404 1816
[2025-09-16 14:49:01,288] INFO django.server "GET /auth/consultant_list/ HTTP/1.1" 200 36867
[2025-09-16 14:49:01,303] INFO django.server "GET /static/custom_admin/css/branding.css HTTP/1.1" 200 99
[2025-09-16 14:49:01,303] INFO django.server "GET /media/logo/logo.png HTTP/1.1" 200 12256
[2025-09-16 14:49:01,340] INFO django.server "GET /static/custom_admin/js/branding.js HTTP/1.1" 200 104
[2025-09-16 14:49:02,838] INFO django.server "GET /auth/consultant_list/ HTTP/1.1" 200 36867
[2025-09-16 14:49:02,852] INFO django.server "GET /static/custom_admin/css/branding.css HTTP/1.1" 200 99
[2025-09-16 14:49:02,853] INFO django.server "GET /media/logo/logo.png HTTP/1.1" 200 12256
[2025-09-16 14:49:02,882] INFO django.server "GET /static/custom_admin/js/branding.js HTTP/1.1" 200 104
[2025-09-16 14:49:09,533] INFO django.server "GET /auth/admin_skills/ HTTP/1.1" 200 32748
[2025-09-16 14:49:09,856] INFO django.server "GET /auth/skills/ HTTP/1.1" 200 127
[2025-09-16 14:49:11,048] INFO django.server "GET /auth/add_consultant/ HTTP/1.1" 200 29611
[2025-09-16 14:49:12,323] INFO django.server "GET /auth/admin_skills/ HTTP/1.1" 200 32748
[2025-09-16 14:49:12,736] INFO django.server "GET /auth/skills/ HTTP/1.1" 200 127
[2025-09-16 14:49:14,246] INFO django.server "GET /auth/consultant_list/ HTTP/1.1" 200 36867
[2025-09-16 14:49:15,161] INFO django.server "GET /auth/admin_invoices/ HTTP/1.1" 200 37172
[2025-09-16 14:49:16,951] INFO django.server "GET /auth/timesheet/ HTTP/1.1" 200 18850
[2025-09-16 14:49:18,137] INFO django.server "GET /auth/prospective_consultants_management/ HTTP/1.1" 200 23313
[2025-09-16 14:49:19,948] INFO django.server "GET /auth/admin_dashboard/ HTTP/1.1" 200 26173
[2025-09-16 14:49:23,490] INFO django.server "GET /consultant/consultant_timesheet/?year=2025&month=08&mode=manual HTTP/1.1" 200 49265
[2025-09-16 14:49:23,554] INFO django.server "GET /static/custom_admin/css/branding.css HTTP/1.1" 200 99
[2025-09-16 14:49:23,559] INFO django.server "GET /media/logo/logo.png HTTP/1.1" 200 12256
[2025-09-16 14:49:23,641] INFO django.server "GET /static/custom_admin/js/branding.js HTTP/1.1" 200 104
[2025-09-16 14:49:24,280] WARNING django.request Not Found: /favicon.ico
[2025-09-16 14:49:24,281] WARNING django.server "GET /favicon.ico HTTP/1.1" 404 2855
[2025-09-16 14:49:24,847] INFO django.server "GET /consultant/consultant_dashboard/ HTTP/1.1" 200 17976
[2025-09-16 14:49:33,029] INFO django.server "GET /consultant/consultant_timesheet/ HTTP/1.1" 200 48910
[2025-09-16 14:49:34,101] INFO django.server "GET /consultant/consultant_invoice/ HTTP/1.1" 200 30070
[2025-09-16 14:49:41,447] INFO django.server "GET /consultant/consultant_dashboard/ HTTP/1.1" 200 17976
[2025-09-16 14:50:44,833] INFO django.utils.autoreload Watching for file changes with StatReloader
[2025-09-16 14:51:15,173] INFO django.server "GET /consultant/consultant_dashboard/ HTTP/1.1" 200 17976
[2025-09-16 14:51:15,329] INFO django.server "GET /media/logo/logo.png HTTP/1.1" 200 12256
[2025-09-16 14:51:15,333] INFO django.server "GET /static/custom_admin/css/branding.css HTTP/1.1" 200 99
[2025-09-16 14:51:15,339] INFO django.server "GET /static/custom_admin/js/branding.js HTTP/1.1" 200 104
[2025-09-16 14:51:15,859] WARNING django.request Not Found: /favicon.ico
[2025-09-16 14:51:15,860] WARNING django.server "GET /favicon.ico HTTP/1.1" 404 2855
[2025-09-16 14:51:18,112] INFO django.server "GET /auth/admin_dashboard/ HTTP/1.1" 200 26173
[2025-09-16 14:51:18,165] INFO django.server "GET /static/custom_admin/css/branding.css HTTP/1.1" 200 99
[2025-09-16 14:51:18,187] INFO django.server "GET /media/logo/logo.png HTTP/1.1" 200 12256
[2025-09-16 14:51:18,252] INFO django.server "GET /static/custom_admin/js/branding.js HTTP/1.1" 200 104
[2025-09-16 14:54:07,414] INFO django.utils.autoreload C:\Users\Ayush\OneDrive - Crystal Hues Ltd\Desktop\consultation_webapp_industry\general\models.py changed, reloading.
[2025-09-16 14:54:08,957] INFO django.utils.autoreload Watching for file changes with StatReloader
[2025-09-16 14:54:58,989] INFO django.utils.autoreload C:\Users\Ayush\OneDrive - Crystal Hues Ltd\Desktop\consultation_webapp_industry\general\forms.py changed, reloading.
[2025-09-16 14:55:00,455] INFO django.utils.autoreload Watching for file changes with StatReloader
[2025-09-16 14:55:47,042] INFO django.server "GET /auth/admin_dashboard/ HTTP/1.1" 200 26173
[2025-09-16 14:55:47,129] INFO django.server "GET /media/logo/logo.png HTTP/1.1" 200 12256
[2025-09-16 14:55:47,130] INFO django.server "GET /static/custom_admin/css/branding.css HTTP/1.1" 200 99
[2025-09-16 14:55:47,134] INFO django.server "GET /static/custom_admin/js/branding.js HTTP/1.1" 200 104
[2025-09-16 14:56:03,900] INFO django.utils.autoreload C:\Users\Ayush\OneDrive - Crystal Hues Ltd\Desktop\consultation_webapp_industry\general\forms.py changed, reloading.
[2025-09-16 14:56:05,470] INFO django.utils.autoreload Watching for file changes with StatReloader
[2025-09-16 16:39:00,619] INFO django.server "GET /consultant/consultant_dashboard/ HTTP/1.1" 200 17976
[2025-09-16 16:39:01,724] INFO django.server "GET /consultant/consultant_timesheet/ HTTP/1.1" 200 48910
[2025-09-16 16:39:09,190] INFO django.server "GET /consultant/consultant_timesheet/?year=2025&month=09&mode=manual HTTP/1.1" 200 49335
[2025-09-16 16:39:15,230] INFO django.server "POST /consultant/save_timesheet_entries/ HTTP/1.1" 200 79
[2025-09-16 16:41:03,069] INFO django.utils.autoreload C:\Users\Ayush\OneDrive - Crystal Hues Ltd\Desktop\consultation_webapp_industry\consultant\views.py changed, reloading.
[2025-09-16 16:41:04,846] INFO django.utils.autoreload Watching for file changes with StatReloader
[2025-09-16 16:41:06,925] INFO django.server "GET /consultant/consultant_timesheet/?year=2025&month=09&mode=manual HTTP/1.1" 200 49335
[2025-09-16 16:41:07,046] INFO django.server "GET /static/custom_admin/css/branding.css HTTP/1.1" 200 99
[2025-09-16 16:41:07,060] INFO django.server "GET /media/logo/logo.png HTTP/1.1" 200 12256
[2025-09-16 16:41:07,083] INFO django.server "GET /static/custom_admin/js/branding.js HTTP/1.1" 200 104
[2025-09-16 16:41:07,429] WARNING django.request Not Found: /favicon.ico
[2025-09-16 16:41:07,429] WARNING django.server "GET /favicon.ico HTTP/1.1" 404 2855
[2025-09-16 16:41:17,773] INFO django.server "POST /consultant/save_timesheet_entries/ HTTP/1.1" 200 89
[2025-09-16 16:41:17,933] INFO django.server "GET /consultant/consultant_timesheet/?year=2025&month=09&mode=manual&timesheet_id=15 HTTP/1.1" 200 47296
[2025-09-16 16:41:21,778] INFO django.server "GET /consultant/consultant_timesheet/?year=2025&month=09&mode=manual&timesheet_id=15 HTTP/1.1" 200 47296
[2025-09-16 16:41:21,834] INFO django.server "GET /static/custom_admin/css/branding.css HTTP/1.1" 200 99
[2025-09-16 16:41:21,838] INFO django.server "GET /media/logo/logo.png HTTP/1.1" 200 12256
[2025-09-16 16:41:21,845] INFO django.server "GET /static/custom_admin/js/branding.js HTTP/1.1" 200 104
[2025-09-16 16:41:22,135] WARNING django.request Not Found: /favicon.ico
[2025-09-16 16:41:22,136] WARNING django.server "GET /favicon.ico HTTP/1.1" 404 2855
[2025-09-16 16:45:53,728] INFO django.server "POST /consultant/delete_timesheet/15/ HTTP/1.1" 200 63
[2025-09-16 16:45:59,705] INFO django.server "GET /consultant/consultant_timesheet/?year=2025&month=09&mode=upload&timesheet_id=15 HTTP/1.1" 200 42316
[2025-09-16 16:46:06,625] INFO django.server "POST /consultant/upload_timesheet/13/ HTTP/1.1" 200 103
[2025-09-16 16:46:06,816] INFO django.server "GET /consultant/consultant_timesheet/?year=2025&month=09&mode=upload&timesheet_id=15 HTTP/1.1" 200 48833
[2025-09-16 16:52:50,220] INFO django.utils.autoreload C:\Users\Ayush\OneDrive - Crystal Hues Ltd\Desktop\consultation_webapp_industry\consultant\views.py changed, reloading.
[2025-09-16 16:52:51,654] INFO django.utils.autoreload Watching for file changes with StatReloader
[2025-09-16 16:53:51,658] INFO django.server code 400, message Bad request version ('\x00\x12\x00\x10\x04\x03\x08\x04\x04\x01\x05\x03\x08\x05\x05\x01\x08\x06\x06\x01\x00#\x00\x00ÿ\x01\x00\x01\x00\x00\x1b\x00\x03\x02\x00\x02\x00')
[2025-09-16 16:53:51,659] ERROR django.server You're accessing the development server over HTTPS, but it only supports HTTP.
[2025-09-16 16:53:51,668] INFO django.server code 400, message Bad request version ('\x86ñ\x88Ð\x19)Û#°íÜ!¡\x12')
[2025-09-16 16:53:51,669] ERROR django.server You're accessing the development server over HTTPS, but it only supports HTTP.
[2025-09-16 16:53:51,670] INFO django.server code 400, message Bad request version ('·\x00')
[2025-09-16 16:53:51,671] ERROR django.server You're accessing the development server over HTTPS, but it only supports HTTP.
[2025-09-16 16:53:51,673] INFO django.server code 400, message Bad request version ('\x02h2\x08http/1.1\x00\x17\x00\x00DÍ\x00\x05\x00\x03\x02h2\x00')
[2025-09-16 16:53:51,674] ERROR django.server You're accessing the development server over HTTPS, but it only supports HTTP.
[2025-09-16 16:53:55,906] INFO django.server "GET /consultant/consultant_timesheet/?year=2025&month=09&mode=upload&timesheet_id=15 HTTP/1.1" 200 48833
[2025-09-16 16:53:56,029] INFO django.server "GET /static/custom_admin/css/branding.css HTTP/1.1" 200 99
[2025-09-16 16:53:56,030] INFO django.server "GET /media/logo/logo.png HTTP/1.1" 200 12256
[2025-09-16 16:53:56,091] INFO django.server "GET /static/custom_admin/js/branding.js HTTP/1.1" 200 104
[2025-09-16 16:53:56,310] WARNING django.request Not Found: /favicon.ico
[2025-09-16 16:53:56,310] WARNING django.server "GET /favicon.ico HTTP/1.1" 404 2855
[2025-09-16 16:53:59,822] INFO django.server "GET /consultant/consultant_timesheet/?year=2025&month=09&mode=manual&timesheet_id=15 HTTP/1.1" 200 49258
[2025-09-16 16:54:07,187] INFO django.server "POST /consultant/save_timesheet_entries/ HTTP/1.1" 200 89
[2025-09-16 16:54:07,341] INFO django.server "GET /consultant/consultant_timesheet/?year=2025&month=09&mode=manual&timesheet_id=17 HTTP/1.1" 200 47296
[2025-09-16 16:58:37,958] INFO django.utils.autoreload C:\Users\Ayush\OneDrive - Crystal Hues Ltd\Desktop\consultation_webapp_industry\consultant\views.py changed, reloading.
[2025-09-16 16:58:39,499] INFO django.utils.autoreload Watching for file changes with StatReloader
[2025-09-16 16:58:41,314] INFO django.server "GET /consultant/consultant_timesheet/?year=2025&month=09&mode=manual&timesheet_id=17 HTTP/1.1" 200 47296
[2025-09-16 16:58:41,472] INFO django.server "GET /media/logo/logo.png HTTP/1.1" 200 12256
[2025-09-16 16:58:41,478] INFO django.server "GET /static/custom_admin/css/branding.css HTTP/1.1" 200 99
[2025-09-16 16:58:41,509] INFO django.server "GET /static/custom_admin/js/branding.js HTTP/1.1" 200 104
[2025-09-16 16:58:42,023] WARNING django.request Not Found: /favicon.ico
[2025-09-16 16:58:42,024] WARNING django.server "GET /favicon.ico HTTP/1.1" 404 2855
[2025-09-16 16:58:45,617] INFO django.server "POST /consultant/delete_timesheet/17/ HTTP/1.1" 200 63
[2025-09-16 16:58:50,656] INFO django.server "GET /consultant/consultant_timesheet/?year=2025&month=09&mode=upload&timesheet_id=17 HTTP/1.1" 200 42316
[2025-09-16 16:58:54,689] INFO django.server "GET /consultant/consultant_timesheet/?year=2025&month=08&mode=upload&timesheet_id=17 HTTP/1.1" 200 42316
[2025-09-16 16:59:00,641] INFO django.server "GET /consultant/consultant_timesheet/?year=2025&month=08&mode=manual&timesheet_id=17 HTTP/1.1" 200 42741
[2025-09-16 16:59:04,422] INFO django.server "GET /consultant/consultant_timesheet/?year=2025&month=08&mode=upload&timesheet_id=17 HTTP/1.1" 200 42316
[2025-09-16 16:59:07,358] INFO django.server "POST /consultant/delete_timesheet/16/ HTTP/1.1" 200 63
[2025-09-16 16:59:16,785] INFO django.server "POST /consultant/upload_timesheet/13/ HTTP/1.1" 200 103
[2025-09-16 16:59:17,023] INFO django.server "GET /consultant/consultant_timesheet/?year=2025&month=08&mode=upload&timesheet_id=17 HTTP/1.1" 200 48187
[2025-09-16 16:59:21,402] INFO django.server "GET /consultant/consultant_timesheet/?year=2025&month=08&mode=manual&timesheet_id=17 HTTP/1.1" 200 48612
[2025-09-16 16:59:26,647] INFO django.server "POST /consultant/save_timesheet_entries/ HTTP/1.1" 200 89
[2025-09-16 16:59:26,833] INFO django.server "GET /consultant/consultant_timesheet/?year=2025&month=08&mode=manual&timesheet_id=18 HTTP/1.1" 200 48606
[2025-09-16 16:59:34,818] INFO django.server "GET /consultant/consultant_timesheet/?year=2025&month=09&mode=manual&timesheet_id=18 HTTP/1.1" 200 42735
[2025-09-16 16:59:37,124] INFO django.server "GET /consultant/consultant_timesheet/?year=2025&month=09&mode=upload&timesheet_id=18 HTTP/1.1" 200 42312
[2025-09-16 16:59:42,259] INFO django.server "POST /consultant/upload_timesheet/13/ HTTP/1.1" 200 103
[2025-09-16 16:59:42,450] INFO django.server "GET /consultant/consultant_timesheet/?year=2025&month=09&mode=upload&timesheet_id=18 HTTP/1.1" 200 48829
[2025-09-26 10:46:19,882] INFO django.utils.autoreload Watching for file changes with StatReloader
[2025-09-26 10:46:27,734] INFO django.server "GET / HTTP/1.1" 200 41581
[2025-09-26 10:46:28,272] INFO django.server "GET /media/logo/logo.png HTTP/1.1" 200 12256
[2025-09-26 10:46:42,943] INFO django.server "POST /auth/login/ HTTP/1.1" 302 0
[2025-09-26 10:46:43,386] INFO django.server "GET /auth/admin_dashboard/ HTTP/1.1" 200 26170
[2025-09-26 10:46:43,440] INFO django.server "GET /static/custom_admin/css/branding.css HTTP/1.1" 200 99
[2025-09-26 10:46:43,492] INFO django.server "GET /static/custom_admin/js/branding.js HTTP/1.1" 200 104
[2025-09-26 10:46:54,949] INFO django.server "GET / HTTP/1.1" 200 41581
[2025-09-26 10:46:55,035] INFO django.server "GET /media/logo/logo.png HTTP/1.1" 200 12256
[2025-09-26 10:46:57,524] WARNING django.request Not Found: /favicon.ico
[2025-09-26 10:46:57,525] WARNING django.server "GET /favicon.ico HTTP/1.1" 404 2855
[2025-09-26 10:46:59,769] INFO django.server "POST /auth/login/ HTTP/1.1" 302 0
[2025-09-26 10:47:00,781] INFO django.server "GET /consultant/consultant_dashboard/ HTTP/1.1" 200 17976
[2025-09-26 10:47:01,327] INFO django.server "GET /static/custom_admin/css/branding.css HTTP/1.1" 200 99
[2025-09-26 10:47:01,374] INFO django.server "GET /static/custom_admin/js/branding.js HTTP/1.1" 200 104
[2025-09-26 10:47:05,172] INFO django.server "GET /consultant/consultant_invoice/ HTTP/1.1" 200 30070
[2025-09-26 10:47:05,319] INFO django.server "GET /static/consultation/js/consultant_invoice.js HTTP/1.1" 304 0
[2025-09-26 10:47:08,461] INFO django.server "GET /consultant/consultant_timesheet/ HTTP/1.1" 200 48829
[2025-09-26 10:47:16,061] INFO django.server "GET /auth/timesheet/ HTTP/1.1" 200 18850
[2025-09-26 10:47:16,107] INFO django.server "GET /static/custom_admin/js/timesheet.js HTTP/1.1" 200 7231
[2025-09-26 10:47:19,613] INFO django.server "GET /auth/timesheet/?consultant_id=13&year=2025&month=09 HTTP/1.1" 200 26885
[2025-09-26 10:47:28,337] INFO django.server "POST /auth/save_timesheet_entries/ HTTP/1.1" 200 69
[2025-09-26 10:47:29,867] INFO django.server "GET /auth/timesheet/?consultant_id=13&year=2025&month=09 HTTP/1.1" 200 27027
[2025-09-26 10:47:29,925] INFO django.server "GET /static/custom_admin/css/branding.css HTTP/1.1" 200 99
[2025-09-26 10:47:29,926] INFO django.server "GET /media/logo/logo.png HTTP/1.1" 200 12256
[2025-09-26 10:47:30,024] INFO django.server "GET /static/custom_admin/js/branding.js HTTP/1.1" 200 104
[2025-09-26 10:47:30,035] INFO django.server "GET /static/custom_admin/js/timesheet.js HTTP/1.1" 200 7231
[2025-09-26 10:47:31,082] WARNING django.request Not Found: /favicon.ico
[2025-09-26 10:47:31,083] WARNING django.server "GET /favicon.ico HTTP/1.1" 404 2855
